---
source: crates/flowscope-core/tests/golden.rs
assertion_line: 154
expression: cleaned
---
{
  "statements": [
    {
      "statementIndex": 0,
      "statementType": "CREATE_TABLE",
      "joinCount": 0,
      "complexityScore": 5
    },
    {
      "statementIndex": 1,
      "statementType": "CREATE_VIEW",
      "joinCount": 0,
      "complexityScore": 12
    },
    {
      "statementIndex": 2,
      "statementType": "SELECT",
      "joinCount": 0,
      "complexityScore": 5
    }
  ],
  "nodes": [
    {
      "id": "column_180cfc5237cc5f18",
      "type": "column",
      "label": "amount",
      "qualifiedName": "orders.amount",
      "canonicalName": {
        "schema": "orders",
        "name": "amount"
      },
      "statementIds": [
        0,
        1
      ]
    },
    {
      "id": "column_1ea4cb6d9535051e",
      "type": "column",
      "label": "id",
      "canonicalName": {
        "name": "id"
      },
      "statementIds": [
        2
      ],
      "metadata": {
        "data_type": "INTEGER"
      }
    },
    {
      "id": "column_1fafa75822fcf49b",
      "type": "column",
      "label": "id",
      "qualifiedName": "users.id",
      "canonicalName": {
        "schema": "users",
        "name": "id"
      },
      "statementIds": [
        2
      ]
    },
    {
      "id": "column_254d51867a59ee98",
      "type": "column",
      "label": "order_id",
      "qualifiedName": "orders.order_id",
      "canonicalName": {
        "schema": "orders",
        "name": "order_id"
      },
      "statementIds": [
        0,
        1
      ]
    },
    {
      "id": "column_267df5d7036d3aed",
      "type": "column",
      "label": "order_id",
      "canonicalName": {
        "name": "order_id"
      },
      "statementIds": [
        1
      ],
      "metadata": {
        "data_type": "INTEGER"
      }
    },
    {
      "id": "column_a5757e628ecd53ea",
      "type": "column",
      "label": "username",
      "canonicalName": {
        "name": "username"
      },
      "statementIds": [
        2
      ],
      "metadata": {
        "data_type": "TEXT"
      }
    },
    {
      "id": "column_d30fde42f0c2b80a",
      "type": "column",
      "label": "amount",
      "canonicalName": {
        "name": "amount"
      },
      "statementIds": [
        1
      ],
      "metadata": {
        "data_type": "FLOAT"
      }
    },
    {
      "id": "column_ebc19bd6a7c28b46",
      "type": "column",
      "label": "username",
      "qualifiedName": "users.username",
      "canonicalName": {
        "schema": "users",
        "name": "username"
      },
      "statementIds": [
        2
      ]
    },
    {
      "id": "output_10ab327c7194b4e2",
      "type": "output",
      "label": "Output (3)",
      "canonicalName": {
        "name": "Output (3)"
      },
      "statementIds": [
        2
      ]
    },
    {
      "id": "table_10a0682dff76cdbc",
      "type": "table",
      "label": "users",
      "qualifiedName": "users",
      "canonicalName": {
        "name": "users"
      },
      "statementIds": [
        2
      ],
      "metadata": {
        "occurrenceSourceNames": [
          null
        ],
        "occurrenceSpans": [
          {
            "start": 186,
            "end": 191
          }
        ],
        "occurrenceStatementIds": [
          2
        ]
      },
      "resolutionSource": "imported"
    },
    {
      "id": "table_eaa6ebb8f158751f",
      "type": "table",
      "label": "orders",
      "qualifiedName": "orders",
      "canonicalName": {
        "name": "orders"
      },
      "statementIds": [
        0,
        1
      ],
      "metadata": {
        "occurrenceSourceNames": [
          null,
          null
        ],
        "occurrenceSpans": [
          {
            "start": 26,
            "end": 32
          },
          {
            "start": 133,
            "end": 139
          }
        ],
        "occurrenceStatementIds": [
          0,
          1
        ],
        "statementFilters": {
          "0": [],
          "1": [
            {
              "expression": "amount > 100",
              "clauseType": "WHERE"
            }
          ]
        }
      },
      "resolutionSource": "implied",
      "filters": [
        {
          "expression": "amount > 100",
          "clauseType": "WHERE"
        }
      ]
    },
    {
      "id": "view_6dd7a41668993f4d",
      "type": "view",
      "label": "high_orders",
      "qualifiedName": "high_orders",
      "canonicalName": {
        "name": "high_orders"
      },
      "statementIds": [
        1
      ],
      "metadata": {
        "occurrenceSourceNames": [
          null
        ],
        "occurrenceSpans": [
          {
            "start": 89,
            "end": 100
          }
        ],
        "occurrenceStatementIds": [
          1
        ]
      }
    }
  ],
  "edges": [
    {
      "id": "cross_a7e9c15d268bb5d5",
      "from": "table_eaa6ebb8f158751f",
      "to": "table_eaa6ebb8f158751f",
      "type": "cross_statement",
      "statementIds": [
        0,
        1
      ]
    },
    {
      "id": "edge_00772e23d77d1070",
      "from": "output_10ab327c7194b4e2",
      "to": "column_1ea4cb6d9535051e",
      "type": "ownership",
      "statementIds": [
        2
      ]
    },
    {
      "id": "edge_09be0be000a8ea7c",
      "from": "output_10ab327c7194b4e2",
      "to": "column_a5757e628ecd53ea",
      "type": "ownership",
      "statementIds": [
        2
      ]
    },
    {
      "id": "edge_33c6f0ab41e886d5",
      "from": "table_10a0682dff76cdbc",
      "to": "column_ebc19bd6a7c28b46",
      "type": "ownership",
      "statementIds": [
        2
      ]
    },
    {
      "id": "edge_4086db7f23928c0e",
      "from": "column_254d51867a59ee98",
      "to": "column_267df5d7036d3aed",
      "type": "data_flow",
      "statementIds": [
        1
      ]
    },
    {
      "id": "edge_52ec1e1134b8ff61",
      "from": "column_1fafa75822fcf49b",
      "to": "column_1ea4cb6d9535051e",
      "type": "data_flow",
      "statementIds": [
        2
      ]
    },
    {
      "id": "edge_7b339cbf5b118f5c",
      "from": "table_eaa6ebb8f158751f",
      "to": "view_6dd7a41668993f4d",
      "type": "data_flow",
      "statementIds": [
        1
      ]
    },
    {
      "id": "edge_7b3fb47f18c45405",
      "from": "column_180cfc5237cc5f18",
      "to": "column_d30fde42f0c2b80a",
      "type": "data_flow",
      "statementIds": [
        1
      ]
    },
    {
      "id": "edge_8b24094214c6ea6d",
      "from": "view_6dd7a41668993f4d",
      "to": "column_d30fde42f0c2b80a",
      "type": "ownership",
      "statementIds": [
        1
      ]
    },
    {
      "id": "edge_972de46cc6130649",
      "from": "table_eaa6ebb8f158751f",
      "to": "column_180cfc5237cc5f18",
      "type": "ownership",
      "statementIds": [
        0,
        1
      ]
    },
    {
      "id": "edge_9a3a1a0c271058ee",
      "from": "column_ebc19bd6a7c28b46",
      "to": "column_a5757e628ecd53ea",
      "type": "data_flow",
      "statementIds": [
        2
      ]
    },
    {
      "id": "edge_a92e0d09881d5676",
      "from": "table_10a0682dff76cdbc",
      "to": "column_1fafa75822fcf49b",
      "type": "ownership",
      "statementIds": [
        2
      ]
    },
    {
      "id": "edge_e85f63e7928fc4d8",
      "from": "view_6dd7a41668993f4d",
      "to": "column_267df5d7036d3aed",
      "type": "ownership",
      "statementIds": [
        1
      ]
    },
    {
      "id": "edge_fa057b597723c73b",
      "from": "table_eaa6ebb8f158751f",
      "to": "column_254d51867a59ee98",
      "type": "ownership",
      "statementIds": [
        0,
        1
      ]
    }
  ],
  "issues": [],
  "summary": {
    "statementCount": 3,
    "tableCount": 3,
    "columnCount": 8,
    "joinCount": 0,
    "complexityScore": 17,
    "issueCount": {
      "errors": 0,
      "warnings": 0,
      "infos": 0
    },
    "hasErrors": false
  },
  "resolvedSchema": {
    "tables": [
      {
        "name": "high_orders",
        "columns": [
          {
            "name": "order_id",
            "dataType": "INTEGER",
            "origin": "implied"
          },
          {
            "name": "amount",
            "dataType": "FLOAT",
            "origin": "implied"
          }
        ],
        "origin": "implied",
        "sourceStatementIndex": 1,
        "updatedAt": "2024-01-01T00:00:00Z"
      },
      {
        "name": "orders",
        "columns": [
          {
            "name": "order_id",
            "dataType": "INT",
            "origin": "implied"
          },
          {
            "name": "amount",
            "dataType": "DECIMAL",
            "origin": "implied"
          }
        ],
        "origin": "implied",
        "sourceStatementIndex": 0,
        "updatedAt": "2024-01-01T00:00:00Z"
      },
      {
        "name": "users",
        "columns": [
          {
            "name": "id",
            "dataType": "INTEGER",
            "origin": "imported"
          },
          {
            "name": "username",
            "dataType": "TEXT",
            "origin": "imported"
          }
        ],
        "origin": "imported",
        "updatedAt": "2024-01-01T00:00:00Z"
      }
    ]
  }
}
