---
source: crates/flowscope-core/tests/snapshots.rs
expression: clean_result
---
{
  "statements": [
    {
      "statementIndex": 0,
      "statementType": "SELECT",
      "joinCount": 0,
      "complexityScore": 5
    }
  ],
  "nodes": [
    {
      "id": "column_6d76c5c7b69b69cb",
      "type": "column",
      "label": "col_1",
      "canonicalName": {
        "name": "col_1"
      },
      "statementIds": [
        0
      ],
      "expression": "b[:1]"
    },
    {
      "id": "column_7748741d00eb4aa0",
      "type": "column",
      "label": "col_0",
      "canonicalName": {
        "name": "col_0"
      },
      "statementIds": [
        0
      ],
      "expression": "a[:]"
    },
    {
      "id": "column_84c9f50405fdf52c",
      "type": "column",
      "label": "col_2",
      "canonicalName": {
        "name": "col_2"
      },
      "statementIds": [
        0
      ],
      "expression": "c[2:]"
    },
    {
      "id": "column_bceb3c4d983131c5",
      "type": "column",
      "label": "col_3",
      "canonicalName": {
        "name": "col_3"
      },
      "statementIds": [
        0
      ],
      "expression": "d[2:3]"
    },
    {
      "id": "output_74d22f755ec62dbc",
      "type": "output",
      "label": "Output",
      "canonicalName": {
        "name": "Output"
      },
      "statementIds": [
        0
      ]
    },
    {
      "id": "table_eb6f82b7323d024e",
      "type": "table",
      "label": "array_data",
      "qualifiedName": "array_data",
      "canonicalName": {
        "name": "array_data"
      },
      "statementIds": [
        0
      ],
      "metadata": {
        "occurrenceSourceNames": [
          null
        ],
        "occurrenceSpans": [
          {
            "start": 110,
            "end": 120
          }
        ],
        "occurrenceStatementIds": [
          0
        ]
      }
    }
  ],
  "edges": [
    {
      "id": "edge_550b27dba85a2465",
      "from": "table_eb6f82b7323d024e",
      "to": "column_bceb3c4d983131c5",
      "type": "derivation",
      "expression": "d[2:3]",
      "statementIds": [
        0
      ]
    },
    {
      "id": "edge_77f5912a72ad7682",
      "from": "output_74d22f755ec62dbc",
      "to": "column_7748741d00eb4aa0",
      "type": "ownership",
      "statementIds": [
        0
      ]
    },
    {
      "id": "edge_8128a9fd6e58dbf4",
      "from": "table_eb6f82b7323d024e",
      "to": "column_7748741d00eb4aa0",
      "type": "derivation",
      "expression": "a[:]",
      "statementIds": [
        0
      ]
    },
    {
      "id": "edge_91d9a3175fef27e4",
      "from": "table_eb6f82b7323d024e",
      "to": "column_6d76c5c7b69b69cb",
      "type": "derivation",
      "expression": "b[:1]",
      "statementIds": [
        0
      ]
    },
    {
      "id": "edge_96c8fa1504967783",
      "from": "output_74d22f755ec62dbc",
      "to": "column_84c9f50405fdf52c",
      "type": "ownership",
      "statementIds": [
        0
      ]
    },
    {
      "id": "edge_ad3bc1a5b25c59cc",
      "from": "table_eb6f82b7323d024e",
      "to": "column_84c9f50405fdf52c",
      "type": "derivation",
      "expression": "c[2:]",
      "statementIds": [
        0
      ]
    },
    {
      "id": "edge_e27c9aaf491f4767",
      "from": "output_74d22f755ec62dbc",
      "to": "column_bceb3c4d983131c5",
      "type": "ownership",
      "statementIds": [
        0
      ]
    },
    {
      "id": "edge_e92a9bbd8225ff6d",
      "from": "output_74d22f755ec62dbc",
      "to": "column_6d76c5c7b69b69cb",
      "type": "ownership",
      "statementIds": [
        0
      ]
    }
  ],
  "issues": [],
  "summary": {
    "statementCount": 1,
    "tableCount": 1,
    "columnCount": 4,
    "joinCount": 0,
    "complexityScore": 5,
    "issueCount": {
      "errors": 0,
      "warnings": 0,
      "infos": 0
    },
    "hasErrors": false
  }
}
